Archive member included because of file (symbol)

C:\Program Files\Microchip\MPLAB C30\lib\libp30F6014A-coff.a(CloseSPI1.o)
                              ..\SRC\OBJ\spi.o (CloseSPI1)
C:\Program Files\Microchip\MPLAB C30\lib\libp30F6014A-coff.a(ConfigIntSPI1.o)
                              ..\SRC\OBJ\spi.o (ConfigIntSPI1)
C:\Program Files\Microchip\MPLAB C30\lib\libp30F6014A-coff.a(OpenSPI1.o)
                              ..\SRC\OBJ\spi.o (OpenSPI1)
C:\Program Files\Microchip\MPLAB C30\lib\libp30F6014A-coff.a(CAN1SetOperationModeNoWait.o)
                              ..\SRC\OBJ\can.o (CAN1SetOperationModeNoWait)
C:\Program Files\Microchip\MPLAB C30\lib\libp30F6014A-coff.a(CAN1Initialize.o)
                              ..\SRC\OBJ\can.o (CAN1Initialize)
C:\Program Files\Microchip\MPLAB C30\lib\libp30F6014A-coff.a(CAN1SetFilter.o)
                              ..\SRC\OBJ\can.o (CAN1SetFilter)
C:\Program Files\Microchip\MPLAB C30\lib\libp30F6014A-coff.a(CAN1SetMask.o)
                              ..\SRC\OBJ\can.o (CAN1SetMask)
C:\Program Files\Microchip\MPLAB C30\lib\libp30F6014A-coff.a(CAN1SetTXMode.o)
                              ..\SRC\OBJ\can.o (CAN1SetTXMode)
C:\Program Files\Microchip\MPLAB C30\lib\libp30F6014A-coff.a(CAN1SetRXMode.o)
                              ..\SRC\OBJ\can.o (CAN1SetRXMode)
C:\Program Files\Microchip\MPLAB C30\lib\libp30F6014A-coff.a(ConfigIntCAN1.o)
                              ..\SRC\OBJ\can.o (ConfigIntCAN1)
C:\Program Files\Microchip\MPLAB C30\lib\libp30F6014A-coff.a(CAN1SetOperationMode.o)
                              ..\SRC\OBJ\can.o (CAN1SetOperationMode)
C:\Program Files\Microchip\MPLAB C30\lib\libp30F6014A-coff.a(CAN1AbortAll.o)
                              ..\SRC\OBJ\can.o (CAN1AbortAll)
C:\Program Files\Microchip\MPLAB C30\lib\libp30F6014A-coff.a(ConfigIntUART1.o)
                              ..\SRC\OBJ\UART.o (ConfigIntUART1)
C:\Program Files\Microchip\MPLAB C30\lib\libp30F6014A-coff.a(ConfigIntUART2.o)
                              ..\SRC\OBJ\UART.o (ConfigIntUART2)
C:\Program Files\Microchip\MPLAB C30\lib\libp30F6014A-coff.a(OpenUART1.o)
                              ..\SRC\OBJ\UART.o (OpenUART1)
C:\Program Files\Microchip\MPLAB C30\lib\libp30F6014A-coff.a(OpenUART2.o)
                              ..\SRC\OBJ\UART.o (OpenUART2)
C:\Program Files\Microchip\MPLAB C30\lib\libp30F6014A-coff.a(WriteUART2.o)
                              ..\SRC\OBJ\UART.o (WriteUART2)
C:\Program Files\Microchip\MPLAB C30\lib\libp30F6014A-coff.a(WriteUART1.o)
                              ..\SRC\OBJ\UART.o (WriteUART1)
C:\Program Files\Microchip\MPLAB C30\lib\libp30F6014A-coff.a(OpenADC12.o)
                              ..\SRC\OBJ\ADC.o (OpenADC12)
C:\Program Files\Microchip\MPLAB C30\lib\libp30F6014A-coff.a(SetChanADC12.o)
                              ..\SRC\OBJ\ADC.o (SetChanADC12)
C:\Program Files\Microchip\MPLAB C30\lib\libp30F6014A-coff.a(ReadADC12.o)
                              ..\SRC\OBJ\ADC.o (ReadADC12)
C:\Program Files\Microchip\MPLAB C30\lib\libp30F6014A-coff.a(ConfigIntDCI.o)
                              ..\SRC\OBJ\Audio.o (ConfigIntDCI)
C:\Program Files\Microchip\MPLAB C30\lib\libp30F6014A-coff.a(OpenDCI.o)
                              ..\SRC\OBJ\Audio.o (OpenDCI)
C:\Program Files\Microchip\MPLAB C30\lib\libp30F6014A-coff.a(CloseTimer2.o)
                              ..\SRC\OBJ\Timer.o (CloseTimer2)
C:\Program Files\Microchip\MPLAB C30\lib\libp30F6014A-coff.a(ConfigIntTimer2.o)
                              ..\SRC\OBJ\Timer.o (ConfigIntTimer2)
C:\Program Files\Microchip\MPLAB C30\lib\libp30F6014A-coff.a(OpenTimer2.o)
                              ..\SRC\OBJ\Timer.o (OpenTimer2)
C:\Program Files\Microchip\MPLAB C30\lib\libp30F6014A-coff.a(ReadUART2.o)
                              ..\INCLUDE\OBJ\USB.o (ReadUART2)
C:\Program Files\Microchip\MPLAB C30\lib\libp30F6014A-coff.a(DataRdyUART2.o)
                              ..\INCLUDE\OBJ\USB.o (DataRdyUART2)
c:/program files/microchip/mplab c30/bin/../lib\libpic30-coff.a(crt1.o)
                              (_resetALT)
c:/program files/microchip/mplab c30/bin/../lib\libpic30-coff.a(crt0.o)
                              (_resetPRI)
c:/program files/microchip/mplab c30/bin/../lib\libc-coff.a(srand.o)
                              ..\SRC\OBJ\main.o (srand)
c:/program files/microchip/mplab c30/bin/../lib\libc-coff.a(rand.o)
                              c:/program files/microchip/mplab c30/bin/../lib\libc-coff.a(srand.o) (_Tls_setup__Randseed)
c:/program files/microchip/mplab c30/bin/../lib\libm-coff.a(mulsi3.o)
                              c:/program files/microchip/mplab c30/bin/../lib\libc-coff.a(rand.o) (__mulsi3)
